1 | 2 | 3
---+---+---
 4 | 5 | 6
---+---+---
 7 | 8 | 9

Your move: 1

 X | 2 | 3
---+---+---
 4 | 5 | 6
---+---+---
 7 | 8 | 9

My move: 5 

 X | 2 | 3
---+---+---
 4 | O | 6
---+---+---
 7 | 8 | 9

Your move: 2

 X | X | 3
---+---+---
 4 | O | 6
---+---+---
 7 | 8 | 9

My move: 3 

 X | X | O
---+---+---
 4 | O | 6
---+---+---
 7 | 8 | 9

Your move:
